// Jest Snapshot v1, https://goo.gl/fbAQLP

exports[`ModelPickerSheet renders correctly 1`] = `
<div
  data-testid="bottom-sheet"
>
  <View
    style={
      [
        {
          "alignSelf": "center",
          "flex": 1,
          "paddingHorizontal": 16,
          "paddingTop": 8,
          "width": "100%",
        },
        {
          "maxWidth": 600,
        },
      ]
    }
  >
    <View
      style={
        {
          "alignItems": "center",
          "marginBottom": 24,
        }
      }
    >
      <Text
        accessibilityRole="text"
        allowFontScaling={true}
        maxFontSizeMultiplier={3}
        style={
          [
            {
              "includeFontPadding": false,
            },
            {
              "color": "#212529",
              "fontFamily": "System",
              "fontSize": 24,
              "fontWeight": "700",
              "lineHeight": 32,
              "textAlign": "left",
            },
          ]
        }
      >
        models.selectModel
      </Text>
      <Text
        accessibilityRole="text"
        allowFontScaling={true}
        maxFontSizeMultiplier={3}
        style={
          [
            {
              "includeFontPadding": false,
            },
            {
              "color": "#6C757D",
              "fontFamily": "System",
              "fontSize": 12,
              "fontWeight": "400",
              "lineHeight": 16,
              "marginTop": 4,
              "textAlign": "left",
            },
          ]
        }
      >
        25000 tokens remaining this month
      </Text>
    </View>
    <View
      style={
        {
          "gap": 12,
        }
      }
    >
      <View
        accessibilityHint="models.selectModelHint"
        accessibilityLabel="GPT-3.5: Fast and reliable for everyday tasks"
        accessibilityRole="button"
        accessibilityState={
          {
            "busy": undefined,
            "checked": undefined,
            "disabled": undefined,
            "expanded": undefined,
            "selected": undefined,
          }
        }
        accessibilityValue={
          {
            "max": undefined,
            "min": undefined,
            "now": undefined,
            "text": undefined,
          }
        }
        accessible={true}
        collapsable={false}
        focusable={true}
        hitSlop={
          {
            "bottom": 10,
            "left": 10,
            "right": 10,
            "top": 10,
          }
        }
        onClick={[Function]}
        onResponderGrant={[Function]}
        onResponderMove={[Function]}
        onResponderRelease={[Function]}
        onResponderTerminate={[Function]}
        onResponderTerminationRequest={[Function]}
        onStartShouldSetResponder={[Function]}
        style={
          {
            "minHeight": 44,
            "opacity": 1,
          }
        }
      >
        <View
          style={
            [
              {},
              {
                "backgroundColor": "#FFFFFF",
                "borderRadius": 12,
                "elevation": 2,
                "padding": undefined,
                "shadowColor": "#000000",
                "shadowOffset": {
                  "height": 2,
                  "width": 0,
                },
                "shadowOpacity": 0.15000000000000002,
                "shadowRadius": 4,
              },
              {
                "borderColor": "#CED4DA",
                "borderRadius": 12,
                "borderWidth": 1,
                "padding": 16,
                "position": "relative",
              },
            ]
          }
        >
          <View
            style={
              {
                "flex": 1,
              }
            }
          >
            <View
              style={
                {
                  "alignItems": "center",
                  "flexDirection": "row",
                  "justifyContent": "space-between",
                  "marginBottom": 4,
                }
              }
            >
              <Text
                accessibilityRole="text"
                allowFontScaling={true}
                maxFontSizeMultiplier={3}
                style={
                  [
                    {
                      "includeFontPadding": false,
                    },
                    {
                      "color": "#212529",
                      "fontFamily": "System",
                      "fontSize": 16,
                      "fontWeight": "600",
                      "lineHeight": 24,
                      "textAlign": "left",
                    },
                  ]
                }
              >
                GPT-3.5
              </Text>
            </View>
            <Text
              accessibilityRole="text"
              allowFontScaling={true}
              maxFontSizeMultiplier={3}
              style={
                [
                  {
                    "includeFontPadding": false,
                  },
                  {
                    "color": "#6C757D",
                    "fontFamily": "System",
                    "fontSize": 12,
                    "fontWeight": "400",
                    "lineHeight": 18,
                    "textAlign": "left",
                  },
                ]
              }
            >
              Fast and reliable for everyday tasks
            </Text>
          </View>
        </View>
      </View>
      <View
        accessibilityHint="models.unlockRequiredHint"
        accessibilityLabel="GPT-4o: Latest model with enhanced reasoning"
        accessibilityRole="button"
        accessibilityState={
          {
            "busy": undefined,
            "checked": undefined,
            "disabled": undefined,
            "expanded": undefined,
            "selected": undefined,
          }
        }
        accessibilityValue={
          {
            "max": undefined,
            "min": undefined,
            "now": undefined,
            "text": undefined,
          }
        }
        accessible={true}
        collapsable={false}
        focusable={true}
        hitSlop={
          {
            "bottom": 10,
            "left": 10,
            "right": 10,
            "top": 10,
          }
        }
        onClick={[Function]}
        onResponderGrant={[Function]}
        onResponderMove={[Function]}
        onResponderRelease={[Function]}
        onResponderTerminate={[Function]}
        onResponderTerminationRequest={[Function]}
        onStartShouldSetResponder={[Function]}
        style={
          {
            "minHeight": 44,
            "opacity": 1,
          }
        }
      >
        <View
          style={
            [
              {},
              {
                "backgroundColor": "#FFFFFF",
                "borderRadius": 12,
                "elevation": 2,
                "padding": undefined,
                "shadowColor": "#000000",
                "shadowOffset": {
                  "height": 2,
                  "width": 0,
                },
                "shadowOpacity": 0.15000000000000002,
                "shadowRadius": 4,
              },
              {
                "borderColor": "#CED4DA",
                "borderRadius": 12,
                "borderWidth": 1,
                "padding": 16,
                "position": "relative",
              },
            ]
          }
        >
          <View
            style={
              {
                "flex": 1,
              }
            }
          >
            <View
              style={
                {
                  "alignItems": "center",
                  "flexDirection": "row",
                  "justifyContent": "space-between",
                  "marginBottom": 4,
                }
              }
            >
              <Text
                accessibilityRole="text"
                allowFontScaling={true}
                maxFontSizeMultiplier={3}
                style={
                  [
                    {
                      "includeFontPadding": false,
                    },
                    {
                      "color": "#212529",
                      "fontFamily": "System",
                      "fontSize": 16,
                      "fontWeight": "600",
                      "lineHeight": 24,
                      "textAlign": "left",
                    },
                  ]
                }
              >
                GPT-4o
              </Text>
            </View>
            <Text
              accessibilityRole="text"
              allowFontScaling={true}
              maxFontSizeMultiplier={3}
              style={
                [
                  {
                    "includeFontPadding": false,
                  },
                  {
                    "color": "#6C757D",
                    "fontFamily": "System",
                    "fontSize": 12,
                    "fontWeight": "400",
                    "lineHeight": 18,
                    "textAlign": "left",
                  },
                ]
              }
            >
              Latest model with enhanced reasoning
            </Text>
          </View>
          <View
            style={
              [
                {
                  "alignItems": "center",
                  "borderRadius": 12,
                  "bottom": 0,
                  "justifyContent": "center",
                  "left": 0,
                  "paddingHorizontal": 16,
                  "paddingVertical": 12,
                  "position": "absolute",
                  "right": 0,
                  "top": 0,
                },
                {
                  "backgroundColor": "#FFFFFFE6",
                },
              ]
            }
          >
            <View
              style={
                [
                  {
                    "borderRadius": 6,
                    "marginBottom": 8,
                    "paddingHorizontal": 8,
                    "paddingVertical": 4,
                  },
                  {
                    "backgroundColor": "#3970FF",
                  },
                ]
              }
            >
              <Text
                accessibilityRole="text"
                allowFontScaling={true}
                maxFontSizeMultiplier={3}
                style={
                  [
                    {
                      "includeFontPadding": false,
                    },
                    {
                      "color": "#FFFFFF",
                      "fontFamily": "System",
                      "fontSize": 12,
                      "fontWeight": "600",
                      "lineHeight": 16,
                      "textAlign": "center",
                    },
                  ]
                }
              >
                models.premium
              </Text>
            </View>
            <View
              accessibilityHint="models.unlockHint"
              accessibilityLabel="models.unlockAccessibility"
              accessibilityRole="button"
              accessibilityState={
                {
                  "busy": undefined,
                  "checked": undefined,
                  "disabled": false,
                  "expanded": undefined,
                  "selected": undefined,
                }
              }
              accessibilityValue={
                {
                  "max": undefined,
                  "min": undefined,
                  "now": undefined,
                  "text": undefined,
                }
              }
              accessible={true}
              collapsable={false}
              focusable={true}
              onClick={[Function]}
              onResponderGrant={[Function]}
              onResponderMove={[Function]}
              onResponderRelease={[Function]}
              onResponderTerminate={[Function]}
              onResponderTerminationRequest={[Function]}
              onStartShouldSetResponder={[Function]}
              style={
                {
                  "alignItems": "center",
                  "backgroundColor": "transparent",
                  "borderColor": "#3970FF",
                  "borderRadius": 8,
                  "borderWidth": 1,
                  "justifyContent": "center",
                  "minHeight": 44,
                  "minWidth": 120,
                  "opacity": 1,
                  "paddingHorizontal": 12,
                  "paddingVertical": 8,
                }
              }
            >
              <Text
                accessibilityRole="text"
                allowFontScaling={true}
                maxFontSizeMultiplier={3}
                style={
                  [
                    {
                      "includeFontPadding": false,
                    },
                    {
                      "color": "#3970FF",
                      "fontFamily": "System",
                      "fontSize": 14,
                      "fontWeight": "600",
                      "lineHeight": 20,
                      "textAlign": "center",
                    },
                  ]
                }
              >
                models.unlock
              </Text>
            </View>
          </View>
        </View>
      </View>
      <View
        accessibilityHint="models.unlockRequiredHint"
        accessibilityLabel="Claude Sonnet: Advanced reasoning and analysis"
        accessibilityRole="button"
        accessibilityState={
          {
            "busy": undefined,
            "checked": undefined,
            "disabled": undefined,
            "expanded": undefined,
            "selected": undefined,
          }
        }
        accessibilityValue={
          {
            "max": undefined,
            "min": undefined,
            "now": undefined,
            "text": undefined,
          }
        }
        accessible={true}
        collapsable={false}
        focusable={true}
        hitSlop={
          {
            "bottom": 10,
            "left": 10,
            "right": 10,
            "top": 10,
          }
        }
        onClick={[Function]}
        onResponderGrant={[Function]}
        onResponderMove={[Function]}
        onResponderRelease={[Function]}
        onResponderTerminate={[Function]}
        onResponderTerminationRequest={[Function]}
        onStartShouldSetResponder={[Function]}
        style={
          {
            "minHeight": 44,
            "opacity": 1,
          }
        }
      >
        <View
          style={
            [
              {},
              {
                "backgroundColor": "#FFFFFF",
                "borderRadius": 12,
                "elevation": 2,
                "padding": undefined,
                "shadowColor": "#000000",
                "shadowOffset": {
                  "height": 2,
                  "width": 0,
                },
                "shadowOpacity": 0.15000000000000002,
                "shadowRadius": 4,
              },
              {
                "borderColor": "#CED4DA",
                "borderRadius": 12,
                "borderWidth": 1,
                "padding": 16,
                "position": "relative",
              },
            ]
          }
        >
          <View
            style={
              {
                "flex": 1,
              }
            }
          >
            <View
              style={
                {
                  "alignItems": "center",
                  "flexDirection": "row",
                  "justifyContent": "space-between",
                  "marginBottom": 4,
                }
              }
            >
              <Text
                accessibilityRole="text"
                allowFontScaling={true}
                maxFontSizeMultiplier={3}
                style={
                  [
                    {
                      "includeFontPadding": false,
                    },
                    {
                      "color": "#212529",
                      "fontFamily": "System",
                      "fontSize": 16,
                      "fontWeight": "600",
                      "lineHeight": 24,
                      "textAlign": "left",
                    },
                  ]
                }
              >
                Claude Sonnet
              </Text>
            </View>
            <Text
              accessibilityRole="text"
              allowFontScaling={true}
              maxFontSizeMultiplier={3}
              style={
                [
                  {
                    "includeFontPadding": false,
                  },
                  {
                    "color": "#6C757D",
                    "fontFamily": "System",
                    "fontSize": 12,
                    "fontWeight": "400",
                    "lineHeight": 18,
                    "textAlign": "left",
                  },
                ]
              }
            >
              Advanced reasoning and analysis
            </Text>
          </View>
          <View
            style={
              [
                {
                  "alignItems": "center",
                  "borderRadius": 12,
                  "bottom": 0,
                  "justifyContent": "center",
                  "left": 0,
                  "paddingHorizontal": 16,
                  "paddingVertical": 12,
                  "position": "absolute",
                  "right": 0,
                  "top": 0,
                },
                {
                  "backgroundColor": "#FFFFFFE6",
                },
              ]
            }
          >
            <View
              style={
                [
                  {
                    "borderRadius": 6,
                    "marginBottom": 8,
                    "paddingHorizontal": 8,
                    "paddingVertical": 4,
                  },
                  {
                    "backgroundColor": "#3970FF",
                  },
                ]
              }
            >
              <Text
                accessibilityRole="text"
                allowFontScaling={true}
                maxFontSizeMultiplier={3}
                style={
                  [
                    {
                      "includeFontPadding": false,
                    },
                    {
                      "color": "#FFFFFF",
                      "fontFamily": "System",
                      "fontSize": 12,
                      "fontWeight": "600",
                      "lineHeight": 16,
                      "textAlign": "center",
                    },
                  ]
                }
              >
                models.premium
              </Text>
            </View>
            <View
              accessibilityHint="models.unlockHint"
              accessibilityLabel="models.unlockAccessibility"
              accessibilityRole="button"
              accessibilityState={
                {
                  "busy": undefined,
                  "checked": undefined,
                  "disabled": false,
                  "expanded": undefined,
                  "selected": undefined,
                }
              }
              accessibilityValue={
                {
                  "max": undefined,
                  "min": undefined,
                  "now": undefined,
                  "text": undefined,
                }
              }
              accessible={true}
              collapsable={false}
              focusable={true}
              onClick={[Function]}
              onResponderGrant={[Function]}
              onResponderMove={[Function]}
              onResponderRelease={[Function]}
              onResponderTerminate={[Function]}
              onResponderTerminationRequest={[Function]}
              onStartShouldSetResponder={[Function]}
              style={
                {
                  "alignItems": "center",
                  "backgroundColor": "transparent",
                  "borderColor": "#3970FF",
                  "borderRadius": 8,
                  "borderWidth": 1,
                  "justifyContent": "center",
                  "minHeight": 44,
                  "minWidth": 120,
                  "opacity": 1,
                  "paddingHorizontal": 12,
                  "paddingVertical": 8,
                }
              }
            >
              <Text
                accessibilityRole="text"
                allowFontScaling={true}
                maxFontSizeMultiplier={3}
                style={
                  [
                    {
                      "includeFontPadding": false,
                    },
                    {
                      "color": "#3970FF",
                      "fontFamily": "System",
                      "fontSize": 14,
                      "fontWeight": "600",
                      "lineHeight": 20,
                      "textAlign": "center",
                    },
                  ]
                }
              >
                models.unlock
              </Text>
            </View>
          </View>
        </View>
      </View>
      <View
        accessibilityHint="models.selectModelHint"
        accessibilityLabel="Gemini Pro: Google's advanced multimodal model"
        accessibilityRole="button"
        accessibilityState={
          {
            "busy": undefined,
            "checked": undefined,
            "disabled": undefined,
            "expanded": undefined,
            "selected": undefined,
          }
        }
        accessibilityValue={
          {
            "max": undefined,
            "min": undefined,
            "now": undefined,
            "text": undefined,
          }
        }
        accessible={true}
        collapsable={false}
        focusable={true}
        hitSlop={
          {
            "bottom": 10,
            "left": 10,
            "right": 10,
            "top": 10,
          }
        }
        onClick={[Function]}
        onResponderGrant={[Function]}
        onResponderMove={[Function]}
        onResponderRelease={[Function]}
        onResponderTerminate={[Function]}
        onResponderTerminationRequest={[Function]}
        onStartShouldSetResponder={[Function]}
        style={
          {
            "minHeight": 44,
            "opacity": 1,
          }
        }
      >
        <View
          style={
            [
              {},
              {
                "backgroundColor": "#FFFFFF",
                "borderRadius": 12,
                "elevation": 2,
                "padding": undefined,
                "shadowColor": "#000000",
                "shadowOffset": {
                  "height": 2,
                  "width": 0,
                },
                "shadowOpacity": 0.15000000000000002,
                "shadowRadius": 4,
              },
              {
                "borderColor": "#CED4DA",
                "borderRadius": 12,
                "borderWidth": 1,
                "padding": 16,
                "position": "relative",
              },
            ]
          }
        >
          <View
            style={
              {
                "flex": 1,
              }
            }
          >
            <View
              style={
                {
                  "alignItems": "center",
                  "flexDirection": "row",
                  "justifyContent": "space-between",
                  "marginBottom": 4,
                }
              }
            >
              <Text
                accessibilityRole="text"
                allowFontScaling={true}
                maxFontSizeMultiplier={3}
                style={
                  [
                    {
                      "includeFontPadding": false,
                    },
                    {
                      "color": "#212529",
                      "fontFamily": "System",
                      "fontSize": 16,
                      "fontWeight": "600",
                      "lineHeight": 24,
                      "textAlign": "left",
                    },
                  ]
                }
              >
                Gemini Pro
              </Text>
            </View>
            <Text
              accessibilityRole="text"
              allowFontScaling={true}
              maxFontSizeMultiplier={3}
              style={
                [
                  {
                    "includeFontPadding": false,
                  },
                  {
                    "color": "#6C757D",
                    "fontFamily": "System",
                    "fontSize": 12,
                    "fontWeight": "400",
                    "lineHeight": 18,
                    "textAlign": "left",
                  },
                ]
              }
            >
              Google's advanced multimodal model
            </Text>
          </View>
        </View>
      </View>
    </View>
  </View>
</div>
`;
